query background => blue
query foreground => white
query activeBackground => #5555ff
query activeForeground => white
query disabledForeground => #3f3fff
query highlightBackground => blue
query highlightColor => white
query insertBackground => white
query selectBackground => #0000e6
query selectForeground => white
query troughColor => #0000e6
query background => #112233
query foreground => white
query activeBackground => #606b77
query disabledForeground => #4c5966
query selectBackground => #0f1e2e
query troughColor => #0f1e2e
query foreground => black
query activeBackground => #f9f9f9
query disabledForeground => #a3a3a3
query selectBackground => #c4c4c4
query foreground => black
query activeBackground => #ffffff
query disabledForeground => #bfbfbf
query selectBackground => #e6e6e6
query foreground => white
query activeBackground => #555555
query disabledForeground => #3f3f3f
query selectBackground => #000000
query foreground => white
query activeBackground => #869bad
query disabledForeground => #778fa3
query selectBackground => #425e77
query background => #204060
query foreground => #e0e0ff
query activeBackground => #6a7f95
query disabledForeground => #506888
query selectBackground => #ff0000
query troughColor => #1c3956
