query background => #ffe4c4
query foreground => black
query activeBackground => #e6ceb1
query activeForeground => black
query disabledForeground => #b0b0b0
query highlightBackground => #ffe4c4
query highlightColor => black
query insertBackground => black
query selectBackground => #e6ceb1
query selectForeground => black
query troughColor => #cdb79e
